// Jest Snapshot v1, https://goo.gl/fbAQLP

exports[`Divider tests should render properly (horizontal) 1`] = `"<div style={{...}} />"`;

exports[`Divider tests should render properly (vertical) 1`] = `"<div style={{...}} />"`;
