// Jest Snapshot v1, https://goo.gl/fbAQLP

exports[`PlayingCard tests should render properly 1`] = `
"<styled.div title=\\"King of hearts\\" style={{...}}>
  ðŸ‚¾
</styled.div>"
`;
